// Jest Snapshot v1, https://goo.gl/fbAQLP

exports[`TweetsList Tests Suit TweetsList renders well 1`] = `null`;
